Command line invocation:
    /Applications/Xcode.app/Contents/Developer/usr/bin/xcodebuild -scheme ImagenResizer -destination platform=macOS,arch=arm64 build

Resolve Package Graph


Resolved source packages:
  SDWebImageWebPCoder: https://github.com/SDWebImage/SDWebImageWebPCoder.git @ 0.15.0
  libwebp: https://github.com/SDWebImage/libwebp-Xcode.git @ 1.5.0
  SDWebImage: https://github.com/SDWebImage/SDWebImage.git @ 5.21.5

ComputePackagePrebuildTargetDependencyGraph

Prepare packages

CreateBuildRequest

SendProjectDescription

CreateBuildOperation

ComputeTargetDependencyGraph
note: Building targets in dependency order
note: Target dependency graph (8 targets)
    Target 'ImagenResizer' in project 'ImagenResizer'
        ➜ Explicit dependency on target 'SDWebImageWebPCoder' in project 'SDWebImageWebPCoder'
    Target 'SDWebImageWebPCoder' in project 'SDWebImageWebPCoder'
        ➜ Explicit dependency on target 'SDWebImageWebPCoder' in project 'SDWebImageWebPCoder'
        ➜ Explicit dependency on target 'SDWebImage' in project 'SDWebImage'
        ➜ Explicit dependency on target 'libwebp' in project 'libwebp'
    Target 'SDWebImageWebPCoder' in project 'SDWebImageWebPCoder'
        ➜ Explicit dependency on target 'SDWebImage' in project 'SDWebImage'
        ➜ Explicit dependency on target 'libwebp' in project 'libwebp'
    Target 'libwebp' in project 'libwebp'
        ➜ Explicit dependency on target 'libwebp' in project 'libwebp'
    Target 'libwebp' in project 'libwebp' (no dependencies)
    Target 'SDWebImage' in project 'SDWebImage'
        ➜ Explicit dependency on target 'SDWebImage' in project 'SDWebImage'
        ➜ Explicit dependency on target 'SDWebImage_SDWebImage' in project 'SDWebImage'
    Target 'SDWebImage' in project 'SDWebImage'
        ➜ Explicit dependency on target 'SDWebImage_SDWebImage' in project 'SDWebImage'
    Target 'SDWebImage_SDWebImage' in project 'SDWebImage' (no dependencies)

GatherProvisioningInputs

CreateBuildDescription

ExecuteExternalTool /Applications/Xcode.app/Contents/Developer/Toolchains/XcodeDefault.xctoolchain/usr/bin/clang -v -E -dM -isysroot /Applications/Xcode.app/Contents/Developer/Platforms/MacOSX.platform/Developer/SDKs/MacOSX26.2.sdk -x c -c /dev/null

ExecuteExternalTool /Applications/Xcode.app/Contents/Developer/Toolchains/XcodeDefault.xctoolchain/usr/bin/clang -v -E -dM -arch arm64 -isysroot /Applications/Xcode.app/Contents/Developer/Platforms/MacOSX.platform/Developer/SDKs/MacOSX26.2.sdk -x objective-c -c /dev/null

ExecuteExternalTool /Applications/Xcode.app/Contents/Developer/usr/bin/actool --version --output-format xml1

ExecuteExternalTool /Applications/Xcode.app/Contents/Developer/Toolchains/XcodeDefault.xctoolchain/usr/bin/clang -v -E -dM -arch arm64 -isysroot /Applications/Xcode.app/Contents/Developer/Platforms/MacOSX.platform/Developer/SDKs/MacOSX26.2.sdk -x c -c /dev/null

ExecuteExternalTool /Applications/Xcode.app/Contents/Developer/Toolchains/XcodeDefault.xctoolchain/usr/bin/swiftc --version

ExecuteExternalTool /Applications/Xcode.app/Contents/Developer/Toolchains/XcodeDefault.xctoolchain/usr/bin/ld -version_details

Build description signature: f812adf4bfcb052f72e91ecd8e28d42b
Build description path: /Users/christiancepeda/Library/Developer/Xcode/DerivedData/ImagenResizer-gysglmyzblicynfbtkonusozoqqi/Build/Intermediates.noindex/XCBuildData/f812adf4bfcb052f72e91ecd8e28d42b.xcbuilddata
ClangStatCache /Applications/Xcode.app/Contents/Developer/Toolchains/XcodeDefault.xctoolchain/usr/bin/clang-stat-cache /Applications/Xcode.app/Contents/Developer/Platforms/MacOSX.platform/Developer/SDKs/MacOSX26.2.sdk /Users/christiancepeda/Library/Developer/Xcode/DerivedData/SDKStatCaches.noindex/macosx26.2-25C57-00fa09913b459cbbc988d1f6730289ae.sdkstatcache
    cd /Users/christiancepeda/Documents/xcodeProject/ImagenResizer/ImagenResizer.xcodeproj
    /Applications/Xcode.app/Contents/Developer/Toolchains/XcodeDefault.xctoolchain/usr/bin/clang-stat-cache /Applications/Xcode.app/Contents/Developer/Platforms/MacOSX.platform/Developer/SDKs/MacOSX26.2.sdk -o /Users/christiancepeda/Library/Developer/Xcode/DerivedData/SDKStatCaches.noindex/macosx26.2-25C57-00fa09913b459cbbc988d1f6730289ae.sdkstatcache

ProcessInfoPlistFile /Users/christiancepeda/Library/Developer/Xcode/DerivedData/ImagenResizer-gysglmyzblicynfbtkonusozoqqi/Build/Products/Release/SDWebImage_SDWebImage.bundle/Contents/Info.plist /Users/christiancepeda/Library/Developer/Xcode/DerivedData/ImagenResizer-gysglmyzblicynfbtkonusozoqqi/Build/Intermediates.noindex/SDWebImage.build/Release/SDWebImage_SDWebImage.build/empty-SDWebImage_SDWebImage.plist (in target 'SDWebImage_SDWebImage' from project 'SDWebImage')
    cd /Users/christiancepeda/Library/Developer/Xcode/DerivedData/ImagenResizer-gysglmyzblicynfbtkonusozoqqi/SourcePackages/checkouts/SDWebImage
    builtin-infoPlistUtility /Users/christiancepeda/Library/Developer/Xcode/DerivedData/ImagenResizer-gysglmyzblicynfbtkonusozoqqi/Build/Intermediates.noindex/SDWebImage.build/Release/SDWebImage_SDWebImage.build/empty-SDWebImage_SDWebImage.plist -producttype com.apple.product-type.bundle -expandbuildsettings -platform macosx -o /Users/christiancepeda/Library/Developer/Xcode/DerivedData/ImagenResizer-gysglmyzblicynfbtkonusozoqqi/Build/Products/Release/SDWebImage_SDWebImage.bundle/Contents/Info.plist

SwiftDriver ImagenResizer normal arm64 com.apple.xcode.tools.swift.compiler (in target 'ImagenResizer' from project 'ImagenResizer')
    cd /Users/christiancepeda/Documents/xcodeProject/ImagenResizer
    builtin-SwiftDriver -- /Applications/Xcode.app/Contents/Developer/Toolchains/XcodeDefault.xctoolchain/usr/bin/swiftc -module-name ImagenResizer -O -whole-module-optimization -enforce-exclusivity\=checked @/Users/christiancepeda/Library/Developer/Xcode/DerivedData/ImagenResizer-gysglmyzblicynfbtkonusozoqqi/Build/Intermediates.noindex/ImagenResizer.build/Release/ImagenResizer.build/Objects-normal/arm64/ImagenResizer.SwiftFileList -Xcc -fmodule-map-file\=/Users/christiancepeda/Library/Developer/Xcode/DerivedData/ImagenResizer-gysglmyzblicynfbtkonusozoqqi/Build/Intermediates.noindex/GeneratedModuleMaps/SDWebImage.modulemap -Xcc -fmodule-map-file\=/Users/christiancepeda/Library/Developer/Xcode/DerivedData/ImagenResizer-gysglmyzblicynfbtkonusozoqqi/Build/Intermediates.noindex/GeneratedModuleMaps/libwebp.modulemap -Xcc -fmodule-map-file\=/Users/christiancepeda/Library/Developer/Xcode/DerivedData/ImagenResizer-gysglmyzblicynfbtkonusozoqqi/Build/Intermediates.noindex/GeneratedModuleMaps/SDWebImageWebPCoder.modulemap -default-isolation\=MainActor -enable-bare-slash-regex -enable-upcoming-feature DisableOutwardActorInference -enable-upcoming-feature InferSendableFromCaptures -enable-upcoming-feature GlobalActorIsolatedTypesUsability -enable-upcoming-feature MemberImportVisibility -enable-upcoming-feature InferIsolatedConformances -enable-upcoming-feature NonisolatedNonsendingByDefault -enable-experimental-feature DebugDescriptionMacro -sdk /Applications/Xcode.app/Contents/Developer/Platforms/MacOSX.platform/Developer/SDKs/MacOSX26.2.sdk -target arm64-apple-macos26.2 -g -module-cache-path /Users/christiancepeda/Library/Developer/Xcode/DerivedData/ModuleCache.noindex -Xfrontend -serialize-debugging-options -swift-version 5 -I /Users/christiancepeda/Library/Developer/Xcode/DerivedData/ImagenResizer-gysglmyzblicynfbtkonusozoqqi/Build/Products/Release -F /Users/christiancepeda/Library/Developer/Xcode/DerivedData/ImagenResizer-gysglmyzblicynfbtkonusozoqqi/Build/Products/Release/PackageFrameworks -F /Users/christiancepeda/Library/Developer/Xcode/DerivedData/ImagenResizer-gysglmyzblicynfbtkonusozoqqi/Build/Products/Release/PackageFrameworks -F /Users/christiancepeda/Library/Developer/Xcode/DerivedData/ImagenResizer-gysglmyzblicynfbtkonusozoqqi/Build/Products/Release/PackageFrameworks -F /Users/christiancepeda/Library/Developer/Xcode/DerivedData/ImagenResizer-gysglmyzblicynfbtkonusozoqqi/Build/Products/Release -emit-localized-strings -emit-localized-strings-path /Users/christiancepeda/Library/Developer/Xcode/DerivedData/ImagenResizer-gysglmyzblicynfbtkonusozoqqi/Build/Intermediates.noindex/ImagenResizer.build/Release/ImagenResizer.build/Objects-normal/arm64 -c -num-threads 12 -Xcc -ivfsstatcache -Xcc /Users/christiancepeda/Library/Developer/Xcode/DerivedData/SDKStatCaches.noindex/macosx26.2-25C57-00fa09913b459cbbc988d1f6730289ae.sdkstatcache -output-file-map /Users/christiancepeda/Library/Developer/Xcode/DerivedData/ImagenResizer-gysglmyzblicynfbtkonusozoqqi/Build/Intermediates.noindex/ImagenResizer.build/Release/ImagenResizer.build/Objects-normal/arm64/ImagenResizer-OutputFileMap.json -use-frontend-parseable-output -save-temps -no-color-diagnostics -explicit-module-build -module-cache-path /Users/christiancepeda/Library/Developer/Xcode/DerivedData/ImagenResizer-gysglmyzblicynfbtkonusozoqqi/Build/Intermediates.noindex/SwiftExplicitPrecompiledModules -clang-scanner-module-cache-path /Users/christiancepeda/Library/Developer/Xcode/DerivedData/ModuleCache.noindex -sdk-module-cache-path /Users/christiancepeda/Library/Developer/Xcode/DerivedData/ModuleCache.noindex -serialize-diagnostics -emit-dependencies -emit-module -emit-module-path /Users/christiancepeda/Library/Developer/Xcode/DerivedData/ImagenResizer-gysglmyzblicynfbtkonusozoqqi/Build/Intermediates.noindex/ImagenResizer.build/Release/ImagenResizer.build/Objects-normal/arm64/ImagenResizer.swiftmodule -validate-clang-modules-once -clang-build-session-file /Users/christiancepeda/Library/Developer/Xcode/DerivedData/ModuleCache.noindex/Session.modulevalidation -Xcc -I/Users/christiancepeda/Library/Developer/Xcode/DerivedData/ImagenResizer-gysglmyzblicynfbtkonusozoqqi/Build/Intermediates.noindex/ImagenResizer.build/Release/ImagenResizer.build/swift-overrides.hmap -emit-const-values -Xfrontend -const-gather-protocols-file -Xfrontend /Users/christiancepeda/Library/Developer/Xcode/DerivedData/ImagenResizer-gysglmyzblicynfbtkonusozoqqi/Build/Intermediates.noindex/ImagenResizer.build/Release/ImagenResizer.build/Objects-normal/arm64/ImagenResizer_const_extract_protocols.json -Xcc -iquote -Xcc /Users/christiancepeda/Library/Developer/Xcode/DerivedData/ImagenResizer-gysglmyzblicynfbtkonusozoqqi/Build/Intermediates.noindex/ImagenResizer.build/Release/ImagenResizer.build/ImagenResizer-generated-files.hmap -Xcc -I/Users/christiancepeda/Library/Developer/Xcode/DerivedData/ImagenResizer-gysglmyzblicynfbtkonusozoqqi/Build/Intermediates.noindex/ImagenResizer.build/Release/ImagenResizer.build/ImagenResizer-own-target-headers.hmap -Xcc -I/Users/christiancepeda/Library/Developer/Xcode/DerivedData/ImagenResizer-gysglmyzblicynfbtkonusozoqqi/Build/Intermediates.noindex/ImagenResizer.build/Release/ImagenResizer.build/ImagenResizer-all-non-framework-target-headers.hmap -Xcc -ivfsoverlay -Xcc /Users/christiancepeda/Library/Developer/Xcode/DerivedData/ImagenResizer-gysglmyzblicynfbtkonusozoqqi/Build/Intermediates.noindex/ImagenResizer.build/Release/ImagenResizer-e4f14676d9a6697691e884a288a35f2f-VFS/all-product-headers.yaml -Xcc -iquote -Xcc /Users/christiancepeda/Library/Developer/Xcode/DerivedData/ImagenResizer-gysglmyzblicynfbtkonusozoqqi/Build/Intermediates.noindex/ImagenResizer.build/Release/ImagenResizer.build/ImagenResizer-project-headers.hmap -Xcc -I/Users/christiancepeda/Library/Developer/Xcode/DerivedData/ImagenResizer-gysglmyzblicynfbtkonusozoqqi/SourcePackages/checkouts/SDWebImage/SDWebImage/include -Xcc -I/Users/christiancepeda/Library/Developer/Xcode/DerivedData/ImagenResizer-gysglmyzblicynfbtkonusozoqqi/SourcePackages/checkouts/libwebp-Xcode/include -Xcc -I/Users/christiancepeda/Library/Developer/Xcode/DerivedData/ImagenResizer-gysglmyzblicynfbtkonusozoqqi/SourcePackages/checkouts/SDWebImageWebPCoder/SDWebImageWebPCoder/Classes -Xcc -I/Users/christiancepeda/Library/Developer/Xcode/DerivedData/ImagenResizer-gysglmyzblicynfbtkonusozoqqi/Build/Products/Release/include -Xcc -I/Users/christiancepeda/Library/Developer/Xcode/DerivedData/ImagenResizer-gysglmyzblicynfbtkonusozoqqi/Build/Intermediates.noindex/ImagenResizer.build/Release/ImagenResizer.build/DerivedSources-normal/arm64 -Xcc -I/Users/christiancepeda/Library/Developer/Xcode/DerivedData/ImagenResizer-gysglmyzblicynfbtkonusozoqqi/Build/Intermediates.noindex/ImagenResizer.build/Release/ImagenResizer.build/DerivedSources/arm64 -Xcc -I/Users/christiancepeda/Library/Developer/Xcode/DerivedData/ImagenResizer-gysglmyzblicynfbtkonusozoqqi/Build/Intermediates.noindex/ImagenResizer.build/Release/ImagenResizer.build/DerivedSources -emit-objc-header -emit-objc-header-path /Users/christiancepeda/Library/Developer/Xcode/DerivedData/ImagenResizer-gysglmyzblicynfbtkonusozoqqi/Build/Intermediates.noindex/ImagenResizer.build/Release/ImagenResizer.build/Objects-normal/arm64/ImagenResizer-Swift.h -working-directory /Users/christiancepeda/Documents/xcodeProject/ImagenResizer -no-emit-module-separately-wmo

SwiftCompile normal arm64 Compiling\ ContentView.swift,\ ImagenResizerApp.swift,\ ImagePipeline.swift,\ MainView.swift,\ MainViewModel.swift,\ WebPEncoder.swift,\ GeneratedAssetSymbols.swift /Users/christiancepeda/Documents/xcodeProject/ImagenResizer/ImagenResizer/ContentView.swift /Users/christiancepeda/Documents/xcodeProject/ImagenResizer/ImagenResizer/ImagenResizerApp.swift /Users/christiancepeda/Documents/xcodeProject/ImagenResizer/ImagenResizer/ImagePipeline.swift /Users/christiancepeda/Documents/xcodeProject/ImagenResizer/ImagenResizer/MainView.swift /Users/christiancepeda/Documents/xcodeProject/ImagenResizer/ImagenResizer/MainViewModel.swift /Users/christiancepeda/Documents/xcodeProject/ImagenResizer/ImagenResizer/WebPEncoder.swift /Users/christiancepeda/Library/Developer/Xcode/DerivedData/ImagenResizer-gysglmyzblicynfbtkonusozoqqi/Build/Intermediates.noindex/ImagenResizer.build/Release/ImagenResizer.build/DerivedSources/GeneratedAssetSymbols.swift /Applications/Xcode.app/Contents/Developer/Toolchains/XcodeDefault.xctoolchain/usr/lib/swift/macosx/prebuilt-modules/26.2/Combine.swiftmodule/arm64e-apple-macos.swiftmodule /Applications/Xcode.app/Contents/Developer/Toolchains/XcodeDefault.xctoolchain/usr/lib/swift/macosx/prebuilt-modules/26.2/Spatial.swiftmodule/arm64e-apple-macos.swiftmodule /Applications/Xcode.app/Contents/Developer/Toolchains/XcodeDefault.xctoolchain/usr/lib/swift/macosx/prebuilt-modules/26.2/QuartzCore.swiftmodule/arm64e-apple-macos.swiftmodule /Applications/Xcode.app/Contents/Developer/Toolchains/XcodeDefault.xctoolchain/usr/lib/swift/macosx/prebuilt-modules/26.2/os.swiftmodule/arm64e-apple-macos.swiftmodule /Applications/Xcode.app/Contents/Developer/Toolchains/XcodeDefault.xctoolchain/usr/lib/swift/macosx/prebuilt-modules/26.2/Metal.swiftmodule/arm64e-apple-macos.swiftmodule /Applications/Xcode.app/Contents/Developer/Toolchains/XcodeDefault.xctoolchain/usr/lib/swift/macosx/prebuilt-modules/26.2/SwiftUI.swiftmodule/arm64e-apple-macos.swiftmodule /Applications/Xcode.app/Contents/Developer/Toolchains/XcodeDefault.xctoolchain/usr/lib/swift/macosx/prebuilt-modules/26.2/Symbols.swiftmodule/arm64e-apple-macos.swiftmodule /Applications/Xcode.app/Contents/Developer/Toolchains/XcodeDefault.xctoolchain/usr/lib/swift/macosx/prebuilt-modules/26.2/OSLog.swiftmodule/arm64e-apple-macos.swiftmodule /Applications/Xcode.app/Contents/Developer/Toolchains/XcodeDefault.xctoolchain/usr/lib/swift/macosx/prebuilt-modules/26.2/_DarwinFoundation2.swiftmodule/arm64e-apple-macos.swiftmodule /Applications/Xcode.app/Contents/Developer/Toolchains/XcodeDefault.xctoolchain/usr/lib/swift/macosx/prebuilt-modules/26.2/AppKit.swiftmodule/arm64e-apple-macos.swiftmodule /Applications/Xcode.app/Contents/Developer/Toolchains/XcodeDefault.xctoolchain/usr/lib/swift/macosx/prebuilt-modules/26.2/Dispatch.swiftmodule/arm64e-apple-macos.swiftmodule /Applications/Xcode.app/Contents/Developer/Toolchains/XcodeDefault.xctoolchain/usr/lib/swift/macosx/prebuilt-modules/26.2/SwiftUICore.swiftmodule/arm64e-apple-macos.swiftmodule /Applications/Xcode.app/Contents/Developer/Toolchains/XcodeDefault.xctoolchain/usr/lib/swift/macosx/prebuilt-modules/26.2/Swift.swiftmodule/arm64e-apple-macos.swiftmodule /Applications/Xcode.app/Contents/Developer/Toolchains/XcodeDefault.xctoolchain/usr/lib/swift/macosx/prebuilt-modules/26.2/UniformTypeIdentifiers.swiftmodule/arm64e-apple-macos.swiftmodule /Applications/Xcode.app/Contents/Developer/Toolchains/XcodeDefault.xctoolchain/usr/lib/swift/macosx/prebuilt-modules/26.2/DeveloperToolsSupport.swiftmodule/arm64e-apple-macos.swiftmodule /Applications/Xcode.app/Contents/Developer/Toolchains/XcodeDefault.xctoolchain/usr/lib/swift/macosx/prebuilt-modules/26.2/CoreData.swiftmodule/arm64e-apple-macos.swiftmodule /Applications/Xcode.app/Contents/Developer/Toolchains/XcodeDefault.xctoolchain/usr/lib/swift/macosx/prebuilt-modules/26.2/_Concurrency.swiftmodule/arm64e-apple-macos.swiftmodule /Applications/Xcode.app/Contents/Developer/Toolchains/XcodeDefault.xctoolchain/usr/lib/swift/macosx/prebuilt-modules/26.2/System.swiftmodule/arm64e-apple-macos.swiftmodule /Applications/Xcode.app/Contents/Developer/Toolchains/XcodeDefault.xctoolchain/usr/lib/swift/macosx/prebuilt-modules/26.2/Observation.swiftmodule/arm64e-apple-macos.swiftmodule /Applications/Xcode.app/Contents/Developer/Toolchains/XcodeDefault.xctoolchain/usr/lib/swift/macosx/prebuilt-modules/26.2/CoreFoundation.swiftmodule/arm64e-apple-macos.swiftmodule /Applications/Xcode.app/Contents/Developer/Toolchains/XcodeDefault.xctoolchain/usr/lib/swift/macosx/prebuilt-modules/26.2/Darwin.swiftmodule/arm64e-apple-macos.swiftmodule /Applications/Xcode.app/Contents/Developer/Toolchains/XcodeDefault.xctoolchain/usr/lib/swift/macosx/prebuilt-modules/26.2/_StringProcessing.swiftmodule/arm64e-apple-macos.swiftmodule /Applications/Xcode.app/Contents/Developer/Toolchains/XcodeDefault.xctoolchain/usr/lib/swift/macosx/prebuilt-modules/26.2/simd.swiftmodule/arm64e-apple-macos.swiftmodule /Applications/Xcode.app/Contents/Developer/Toolchains/XcodeDefault.xctoolchain/usr/lib/swift/macosx/prebuilt-modules/26.2/CoreGraphics.swiftmodule/arm64e-apple-macos.swiftmodule /Applications/Xcode.app/Contents/Developer/Toolchains/XcodeDefault.xctoolchain/usr/lib/swift/macosx/prebuilt-modules/26.2/_DarwinFoundation3.swiftmodule/arm64e-apple-macos.swiftmodule /Applications/Xcode.app/Contents/Developer/Toolchains/XcodeDefault.xctoolchain/usr/lib/swift/macosx/prebuilt-modules/26.2/Accessibility.swiftmodule/arm64e-apple-macos.swiftmodule /Applications/Xcode.app/Contents/Developer/Toolchains/XcodeDefault.xctoolchain/usr/lib/swift/macosx/prebuilt-modules/26.2/CoreVideo.swiftmodule/arm64e-apple-macos.swiftmodule /Applications/Xcode.app/Contents/Developer/Toolchains/XcodeDefault.xctoolchain/usr/lib/swift/macosx/prebuilt-modules/26.2/IOKit.swiftmodule/arm64e-apple-macos.swiftmodule /Applications/Xcode.app/Contents/Developer/Toolchains/XcodeDefault.xctoolchain/usr/lib/swift/macosx/prebuilt-modules/26.2/_Builtin_float.swiftmodule/arm64e-apple-macos.swiftmodule /Applications/Xcode.app/Contents/Developer/Toolchains/XcodeDefault.xctoolchain/usr/lib/swift/macosx/prebuilt-modules/26.2/Foundation.swiftmodule/arm64e-apple-macos.swiftmodule /Applications/Xcode.app/Contents/Developer/Toolchains/XcodeDefault.xctoolchain/usr/lib/swift/macosx/prebuilt-modules/26.2/CoreTransferable.swiftmodule/arm64e-apple-macos.swiftmodule /Applications/Xcode.app/Contents/Developer/Toolchains/XcodeDefault.xctoolchain/usr/lib/swift/macosx/prebuilt-modules/26.2/DataDetection.swiftmodule/arm64e-apple-macos.swiftmodule /Applications/Xcode.app/Contents/Developer/Toolchains/XcodeDefault.xctoolchain/usr/lib/swift/macosx/prebuilt-modules/26.2/XPC.swiftmodule/arm64e-apple-macos.swiftmodule /Applications/Xcode.app/Contents/Developer/Toolchains/XcodeDefault.xctoolchain/usr/lib/swift/macosx/prebuilt-modules/26.2/CoreText.swiftmodule/arm64e-apple-macos.swiftmodule /Applications/Xcode.app/Contents/Developer/Toolchains/XcodeDefault.xctoolchain/usr/lib/swift/macosx/prebuilt-modules/26.2/CoreImage.swiftmodule/arm64e-apple-macos.swiftmodule /Applications/Xcode.app/Contents/Developer/Toolchains/XcodeDefault.xctoolchain/usr/lib/swift/macosx/prebuilt-modules/26.2/ObjectiveC.swiftmodule/arm64e-apple-macos.swiftmodule /Applications/Xcode.app/Contents/Developer/Toolchains/XcodeDefault.xctoolchain/usr/lib/swift/macosx/prebuilt-modules/26.2/_DarwinFoundation1.swiftmodule/arm64e-apple-macos.swiftmodule /Users/christiancepeda/Library/Developer/Xcode/DerivedData/ModuleCache.noindex/_Builtin_stdarg-8RYPA1IWR3OXVXTUXOC7SI7ZE.pcm /Users/christiancepeda/Library/Developer/Xcode/DerivedData/ModuleCache.noindex/_SwiftConcurrencyShims-BN5P8CO14HYV24OUNM5SZZS4G.pcm /Users/christiancepeda/Library/Developer/Xcode/DerivedData/ModuleCache.noindex/CoreVideo-DSY8N19FXTARJ7FU7J8OGNGC9.pcm /Users/christiancepeda/Library/Developer/Xcode/DerivedData/ModuleCache.noindex/DeveloperToolsSupport-C7W30U8H1NLKNGQKQOP7OV6P0.pcm /Users/christiancepeda/Library/Developer/Xcode/DerivedData/ModuleCache.noindex/Dispatch-4WJC30YG37VXQGB3WVERE4FNK.pcm /Users/christiancepeda/Library/Developer/Xcode/DerivedData/ModuleCache.noindex/CoreFoundation-BY74S6R7HPW9TAG23HK9W3R4C.pcm /Users/christiancepeda/Library/Developer/Xcode/DerivedData/ModuleCache.noindex/launch-EG6BYP9KURFAOSJ0N4OJ9766X.pcm /Users/christiancepeda/Library/Developer/Xcode/DerivedData/ModuleCache.noindex/OSLog-C83Y1AZMR3NGSO07UQ7CJ1SUM.pcm /Users/christiancepeda/Library/Developer/Xcode/DerivedData/ModuleCache.noindex/Symbols-7RU4GT4LSFWFPXNH7ON02RLK5.pcm /Users/christiancepeda/Library/Developer/Xcode/DerivedData/ModuleCache.noindex/ColorSync-APRNUPMRBMC2II8954MJJ84PG.pcm /Users/christiancepeda/Library/Developer/Xcode/DerivedData/ModuleCache.noindex/CoreImage-E1TK9VMSIC655509A8K7R8W9Q.pcm /Users/christiancepeda/Library/Developer/Xcode/DerivedData/ModuleCache.noindex/Darwin-F18I7H7PPULOC61X7H86ISB69.pcm /Users/christiancepeda/Library/Developer/Xcode/DerivedData/ModuleCache.noindex/sys_types-EW6Y3DA2AWDGZTMR7QTDZKBJS.pcm /Users/christiancepeda/Library/Developer/Xcode/DerivedData/ModuleCache.noindex/QuartzCore-8CHLCB0VKUWQ66VZB58N9JAJW.pcm /Users/christiancepeda/Library/Developer/Xcode/DerivedData/ModuleCache.noindex/ImageIO-7PRG7XYWDUML64XW5M1MT5YU2.pcm /Users/christiancepeda/Library/Developer/Xcode/DerivedData/ModuleCache.noindex/ptrcheck-1NJRKFN0B9P8BJ3QBUKFJID3P.pcm /Users/christiancepeda/Library/Developer/Xcode/DerivedData/ModuleCache.noindex/ApplicationServices-7D0J85G4CAY8P1KTGDPNOIDN3.pcm /Users/christiancepeda/Library/Developer/Xcode/DerivedData/ModuleCache.noindex/CoreData-1276IE6K69173K6VDW6DMHW45.pcm /Users/christiancepeda/Library/Developer/Xcode/DerivedData/ModuleCache.noindex/_DarwinFoundation1-EDWS5I41SAIYUQ3LOPLD3PP0A.pcm /Users/christiancepeda/Library/Developer/Xcode/DerivedData/ModuleCache.noindex/SwiftUI-6VQIFNME4DB15RZXRBT0CONJK.pcm /Users/christiancepeda/Library/Developer/Xcode/DerivedData/ModuleCache.noindex/SwiftUICore-9RIT9BL07WTKGQ0BUQMYM0QRO.pcm /Users/christiancepeda/Library/Developer/Xcode/DerivedData/ModuleCache.noindex/Accessibility-ALEIWZKCDI4T1MSAO2GCOZ0IM.pcm /Users/christiancepeda/Library/Developer/Xcode/DerivedData/ModuleCache.noindex/CoreText-VQWXUT3TUAS3DJ7HEL6PU8V0.pcm /Users/christiancepeda/Library/Developer/Xcode/DerivedData/ModuleCache.noindex/DataDetection-5TSKUCOOWBFY7FM4BTX2YEGXQ.pcm /Users/christiancepeda/Library/Developer/Xcode/DerivedData/ModuleCache.noindex/_Builtin_tgmath-1A514ZLCQ75UDI7L04KERRDMC.pcm /Users/christiancepeda/Library/Developer/Xcode/DerivedData/ModuleCache.noindex/os_object-CKFXGR0ZP1XOIOYNVPUADII9A.pcm /Users/christiancepeda/Library/Developer/Xcode/DerivedData/ModuleCache.noindex/_Builtin_stdatomic-5GL4R6R1N96RVR9E5NXQMBQ4B.pcm /Users/christiancepeda/Library/Developer/Xcode/DerivedData/ModuleCache.noindex/ptrauth-D2KXDVQFIU6CRWV5W86IK6U5D.pcm /Users/christiancepeda/Library/Developer/Xcode/DerivedData/ModuleCache.noindex/CoreGraphics-6NE58E1ZTNJL56G8PLZRWFJ5C.pcm /Users/christiancepeda/Library/Developer/Xcode/DerivedData/ModuleCache.noindex/_Builtin_inttypes-8K5JETLNDZ27E3MEVS5NVIRBC.pcm /Users/christiancepeda/Library/Developer/Xcode/DerivedData/ModuleCache.noindex/SwiftShims-F3DVE1DSF818UKFYQ6NRVT0KX.pcm /Users/christiancepeda/Library/Developer/Xcode/DerivedData/ModuleCache.noindex/os-DW5AGK15URDA7XECBDPAYSY2T.pcm /Users/christiancepeda/Library/Developer/Xcode/DerivedData/ModuleCache.noindex/_Builtin_intrinsics-1486VQ483Z6QCYPSZNSOUMPKD.pcm /Users/christiancepeda/Library/Developer/Xcode/DerivedData/ModuleCache.noindex/IOKit-3X93ECVK5QYS84KMA30YX7MP2.pcm /Users/christiancepeda/Library/Developer/Xcode/DerivedData/ModuleCache.noindex/os_workgroup-3P3XAWVHL6RERZD4J2TZ7FGOG.pcm /Users/christiancepeda/Library/Developer/Xcode/DerivedData/ModuleCache.noindex/_DarwinFoundation3-5GLBLGOBDW873C0U6F56NB2A9.pcm /Users/christiancepeda/Library/Developer/Xcode/DerivedData/ModuleCache.noindex/AppKit-F2KT2OZR2O9S6P3I0PSMXS07F.pcm /Users/christiancepeda/Library/Developer/Xcode/DerivedData/ImagenResizer-gysglmyzblicynfbtkonusozoqqi/Build/Intermediates.noindex/SwiftExplicitPrecompiledModules/SDWebImageWebPCoder-7P1HCQHCN695YQDMCH3CSE0Z9.pcm /Users/christiancepeda/Library/Developer/Xcode/DerivedData/ModuleCache.noindex/Foundation-D2ZYBP45QTMZ92XH49MF13A9U.pcm /Users/christiancepeda/Library/Developer/Xcode/DerivedData/ModuleCache.noindex/_DarwinFoundation2-2KN0X8XYU27L4YTXT0496T03R.pcm /Users/christiancepeda/Library/Developer/Xcode/DerivedData/ImagenResizer-gysglmyzblicynfbtkonusozoqqi/Build/Intermediates.noindex/SwiftExplicitPrecompiledModules/SDWebImage-7639O43WWVZ9FFJCHJCBKGEPV.pcm /Users/christiancepeda/Library/Developer/Xcode/DerivedData/ModuleCache.noindex/libDER-8BAFZX7PP2FKYHPJ6QZXBAS1M.pcm /Users/christiancepeda/Library/Developer/Xcode/DerivedData/ModuleCache.noindex/MachO-6FWV68PBOD3JF7WHMWMDWB8QT.pcm /Users/christiancepeda/Library/Developer/Xcode/DerivedData/ModuleCache.noindex/CUPS-6QOLF07W6OMPF3M86UFBM95OQ.pcm /Users/christiancepeda/Library/Developer/Xcode/DerivedData/ModuleCache.noindex/CFNetwork-A2270JNF3DDLEZIQ7Z3SBHXBZ.pcm /Users/christiancepeda/Library/Developer/Xcode/DerivedData/ModuleCache.noindex/_Builtin_stdint-8MH6V76YPLBVWZE027LOZQV70.pcm /Users/christiancepeda/Library/Developer/Xcode/DerivedData/ModuleCache.noindex/CoreTransferable-2JC13LRKFL0WUZYPC0IK4FMO5.pcm /Users/christiancepeda/Library/Developer/Xcode/DerivedData/ModuleCache.noindex/_Builtin_float-5M09ZB5TM68Y87S37SJNWRYT4.pcm /Users/christiancepeda/Library/Developer/Xcode/DerivedData/ModuleCache.noindex/_AvailabilityInternal-E3UGMRMUMWK44CUY8T3E1JXHR.pcm /Users/christiancepeda/Library/Developer/Xcode/DerivedData/ModuleCache.noindex/_Builtin_stdbool-A33NENQX7DOX40WW82PDGZ954.pcm /Users/christiancepeda/Library/Developer/Xcode/DerivedData/ModuleCache.noindex/_Builtin_stddef-50I1WL0DSI9THZOTH8BCLBLPB.pcm /Users/christiancepeda/Library/Developer/Xcode/DerivedData/ModuleCache.noindex/XPC-7PLJQDGHBZVN35G2N2QKZO09F.pcm /Users/christiancepeda/Library/Developer/Xcode/DerivedData/ModuleCache.noindex/Security-BMQR79HV1TY9KCR1C3V6XU2WX.pcm /Users/christiancepeda/Library/Developer/Xcode/DerivedData/ModuleCache.noindex/OpenGL-CY5UL77Q10CEJ96B64UKQRFWD.pcm /Users/christiancepeda/Library/Developer/Xcode/DerivedData/ModuleCache.noindex/UniformTypeIdentifiers-ZQWBXTOQTVBYBZ5GXOOWU7UN.pcm /Users/christiancepeda/Library/Developer/Xcode/DerivedData/ModuleCache.noindex/IOSurface-9JH0C6X1L3DZ8U6CFKZ5BWG7R.pcm /Users/christiancepeda/Library/Developer/Xcode/DerivedData/ModuleCache.noindex/_Builtin_limits-DCZXZCDIQYL095R3BU4KGCMUL.pcm /Users/christiancepeda/Library/Developer/Xcode/DerivedData/ModuleCache.noindex/Spatial-73RPBPKAASTDDU716E3M01BF5.pcm /Users/christiancepeda/Library/Developer/Xcode/DerivedData/ModuleCache.noindex/ObjectiveC-39S235OQB2M6SWRCHMLXQLGVH.pcm /Users/christiancepeda/Library/Developer/Xcode/DerivedData/ModuleCache.noindex/CoreServices-1R33BGXIDRW3WU1OQQWB1XFTH.pcm /Users/christiancepeda/Library/Developer/Xcode/DerivedData/ModuleCache.noindex/Metal-C32ZV19XUVDK2YF6MDP8MW44Z.pcm /Users/christiancepeda/Library/Developer/Xcode/DerivedData/ModuleCache.noindex/libkern-5C0JID3HGIQ4GQGDV5NQBZ7FD.pcm /Users/christiancepeda/Library/Developer/Xcode/DerivedData/ModuleCache.noindex/simd-3D4JQOIWA921XC0MVNQWFW0DA.pcm /Users/christiancepeda/Library/Developer/Xcode/DerivedData/ModuleCache.noindex/DiskArbitration-8297G12D60N86M3L854E0CPMR.pcm /Users/christiancepeda/Library/Developer/Xcode/DerivedData/ImagenResizer-gysglmyzblicynfbtkonusozoqqi/Build/Intermediates.noindex/ImagenResizer.build/Release/ImagenResizer.build/Objects-normal/arm64/ImagenResizer-dependencies-1.json (in target 'ImagenResizer' from project 'ImagenResizer')

CompileSwift normal arm64 (in target 'ImagenResizer' from project 'ImagenResizer')
    cd /Users/christiancepeda/Documents/xcodeProject/ImagenResizer
    
/Users/christiancepeda/Documents/xcodeProject/ImagenResizer/ImagenResizer/ImagePipeline.swift:54:52: warning: main actor-isolated static method 'resize(image:to:mode:)' cannot be called from outside of the actor; this is an error in the Swift 6 language mode
            guard let resizedImage = ImagePipeline.resize(image: originalImage, to: targetSize, mode: mode) else {
                                     ~~~~~~~~~~~~~~^~~~~~~~~~~~~~~~~~~~~~~~~~~~~~~~~~~~~~~~~~~~~~~~~~~~~~~~
                                     await 
/Users/christiancepeda/Documents/xcodeProject/ImagenResizer/ImagenResizer/ImagePipeline.swift:60:28: warning: expression is 'async' but is not marked with 'await'; this is an error in the Swift 6 language mode
            let finalURL = ImagePipeline.getUniqueFileURL(directory: outputDir, fileName: fileName, extension: format.fileExtension)
                           ^~~~~~~~~~~~~~~~~~~~~~~~~~~~~~~~~~~~~~~~~~~~~~~~~~~~~~~~~~~~~~~~~~~~~~~~~~~~~~~~~~~~~~~~~~~~~~~~~~~~~~~~~
                           await 
/Users/christiancepeda/Documents/xcodeProject/ImagenResizer/ImagenResizer/ImagePipeline.swift:60:28: note: calls to static method 'getUniqueFileURL(directory:fileName:extension:)' from outside of its actor context are implicitly asynchronous
            let finalURL = ImagePipeline.getUniqueFileURL(directory: outputDir, fileName: fileName, extension: format.fileExtension)
                           ^
/Users/christiancepeda/Documents/xcodeProject/ImagenResizer/ImagenResizer/ImagePipeline.swift:60:112: note: property access is 'async'
            let finalURL = ImagePipeline.getUniqueFileURL(directory: outputDir, fileName: fileName, extension: format.fileExtension)
                                                                                                               ^
/Users/christiancepeda/Documents/xcodeProject/ImagenResizer/ImagenResizer/ImagePipeline.swift:72:48: warning: main actor-isolated static method 'encode(image:quality:lossless:)' cannot be called from outside of the actor; this is an error in the Swift 6 language mode
                let webpData = try WebPEncoder.encode(image: cgImage, quality: quality, lossless: lossless)
                               ~~~~~~~~~~~~~~~~^~~~~~~~~~~~~~~~~~~~~~~~~~~~~~~~~~~~~~~~~~~~~~~~~~~~~~~~~~~~
                                   await 
/Users/christiancepeda/Documents/xcodeProject/ImagenResizer/ImagenResizer/ImagePipeline.swift:76:35: warning: main actor-isolated static method 'saveImage(_:to:type:properties:)' cannot be called from outside of the actor; this is an error in the Swift 6 language mode
                try ImagePipeline.saveImage(resizedImage, to: finalURL, type: .png)
                ~~~~~~~~~~~~~~~~~~^~~~~~~~~~~~~~~~~~~~~~~~~~~~~~~~~~~~~~~~~~~~~~~~~
                    await 
/Users/christiancepeda/Documents/xcodeProject/ImagenResizer/ImagenResizer/ImagePipeline.swift:81:35: warning: main actor-isolated static method 'saveImage(_:to:type:properties:)' cannot be called from outside of the actor; this is an error in the Swift 6 language mode
                try ImagePipeline.saveImage(resizedImage, to: finalURL, type: .jpeg, properties: [.compressionFactor: compression])
                ~~~~~~~~~~~~~~~~~~^~~~~~~~~~~~~~~~~~~~~~~~~~~~~~~~~~~~~~~~~~~~~~~~~~~~~~~~~~~~~~~~~~~~~~~~~~~~~~~~~~~~~~~~~~~~~~~~~
                    await 
/Users/christiancepeda/Documents/xcodeProject/ImagenResizer/ImagenResizer/ImagePipeline.swift:85:35: warning: main actor-isolated static method 'saveAsSVG(image:to:quality:)' cannot be called from outside of the actor; this is an error in the Swift 6 language mode
                try ImagePipeline.saveAsSVG(image: resizedImage, to: finalURL, quality: quality)
                ~~~~~~~~~~~~~~~~~~^~~~~~~~~~~~~~~~~~~~~~~~~~~~~~~~~~~~~~~~~~~~~~~~~~~~~~~~~~~~~~
                    await 

SwiftDriver\ Compilation ImagenResizer normal arm64 com.apple.xcode.tools.swift.compiler (in target 'ImagenResizer' from project 'ImagenResizer')
    cd /Users/christiancepeda/Documents/xcodeProject/ImagenResizer
    builtin-Swift-Compilation -- /Applications/Xcode.app/Contents/Developer/Toolchains/XcodeDefault.xctoolchain/usr/bin/swiftc -module-name ImagenResizer -O -whole-module-optimization -enforce-exclusivity\=checked @/Users/christiancepeda/Library/Developer/Xcode/DerivedData/ImagenResizer-gysglmyzblicynfbtkonusozoqqi/Build/Intermediates.noindex/ImagenResizer.build/Release/ImagenResizer.build/Objects-normal/arm64/ImagenResizer.SwiftFileList -Xcc -fmodule-map-file\=/Users/christiancepeda/Library/Developer/Xcode/DerivedData/ImagenResizer-gysglmyzblicynfbtkonusozoqqi/Build/Intermediates.noindex/GeneratedModuleMaps/SDWebImage.modulemap -Xcc -fmodule-map-file\=/Users/christiancepeda/Library/Developer/Xcode/DerivedData/ImagenResizer-gysglmyzblicynfbtkonusozoqqi/Build/Intermediates.noindex/GeneratedModuleMaps/libwebp.modulemap -Xcc -fmodule-map-file\=/Users/christiancepeda/Library/Developer/Xcode/DerivedData/ImagenResizer-gysglmyzblicynfbtkonusozoqqi/Build/Intermediates.noindex/GeneratedModuleMaps/SDWebImageWebPCoder.modulemap -default-isolation\=MainActor -enable-bare-slash-regex -enable-upcoming-feature DisableOutwardActorInference -enable-upcoming-feature InferSendableFromCaptures -enable-upcoming-feature GlobalActorIsolatedTypesUsability -enable-upcoming-feature MemberImportVisibility -enable-upcoming-feature InferIsolatedConformances -enable-upcoming-feature NonisolatedNonsendingByDefault -enable-experimental-feature DebugDescriptionMacro -sdk /Applications/Xcode.app/Contents/Developer/Platforms/MacOSX.platform/Developer/SDKs/MacOSX26.2.sdk -target arm64-apple-macos26.2 -g -module-cache-path /Users/christiancepeda/Library/Developer/Xcode/DerivedData/ModuleCache.noindex -Xfrontend -serialize-debugging-options -swift-version 5 -I /Users/christiancepeda/Library/Developer/Xcode/DerivedData/ImagenResizer-gysglmyzblicynfbtkonusozoqqi/Build/Products/Release -F /Users/christiancepeda/Library/Developer/Xcode/DerivedData/ImagenResizer-gysglmyzblicynfbtkonusozoqqi/Build/Products/Release/PackageFrameworks -F /Users/christiancepeda/Library/Developer/Xcode/DerivedData/ImagenResizer-gysglmyzblicynfbtkonusozoqqi/Build/Products/Release/PackageFrameworks -F /Users/christiancepeda/Library/Developer/Xcode/DerivedData/ImagenResizer-gysglmyzblicynfbtkonusozoqqi/Build/Products/Release/PackageFrameworks -F /Users/christiancepeda/Library/Developer/Xcode/DerivedData/ImagenResizer-gysglmyzblicynfbtkonusozoqqi/Build/Products/Release -emit-localized-strings -emit-localized-strings-path /Users/christiancepeda/Library/Developer/Xcode/DerivedData/ImagenResizer-gysglmyzblicynfbtkonusozoqqi/Build/Intermediates.noindex/ImagenResizer.build/Release/ImagenResizer.build/Objects-normal/arm64 -c -num-threads 12 -Xcc -ivfsstatcache -Xcc /Users/christiancepeda/Library/Developer/Xcode/DerivedData/SDKStatCaches.noindex/macosx26.2-25C57-00fa09913b459cbbc988d1f6730289ae.sdkstatcache -output-file-map /Users/christiancepeda/Library/Developer/Xcode/DerivedData/ImagenResizer-gysglmyzblicynfbtkonusozoqqi/Build/Intermediates.noindex/ImagenResizer.build/Release/ImagenResizer.build/Objects-normal/arm64/ImagenResizer-OutputFileMap.json -use-frontend-parseable-output -save-temps -no-color-diagnostics -explicit-module-build -module-cache-path /Users/christiancepeda/Library/Developer/Xcode/DerivedData/ImagenResizer-gysglmyzblicynfbtkonusozoqqi/Build/Intermediates.noindex/SwiftExplicitPrecompiledModules -clang-scanner-module-cache-path /Users/christiancepeda/Library/Developer/Xcode/DerivedData/ModuleCache.noindex -sdk-module-cache-path /Users/christiancepeda/Library/Developer/Xcode/DerivedData/ModuleCache.noindex -serialize-diagnostics -emit-dependencies -emit-module -emit-module-path /Users/christiancepeda/Library/Developer/Xcode/DerivedData/ImagenResizer-gysglmyzblicynfbtkonusozoqqi/Build/Intermediates.noindex/ImagenResizer.build/Release/ImagenResizer.build/Objects-normal/arm64/ImagenResizer.swiftmodule -validate-clang-modules-once -clang-build-session-file /Users/christiancepeda/Library/Developer/Xcode/DerivedData/ModuleCache.noindex/Session.modulevalidation -Xcc -I/Users/christiancepeda/Library/Developer/Xcode/DerivedData/ImagenResizer-gysglmyzblicynfbtkonusozoqqi/Build/Intermediates.noindex/ImagenResizer.build/Release/ImagenResizer.build/swift-overrides.hmap -emit-const-values -Xfrontend -const-gather-protocols-file -Xfrontend /Users/christiancepeda/Library/Developer/Xcode/DerivedData/ImagenResizer-gysglmyzblicynfbtkonusozoqqi/Build/Intermediates.noindex/ImagenResizer.build/Release/ImagenResizer.build/Objects-normal/arm64/ImagenResizer_const_extract_protocols.json -Xcc -iquote -Xcc /Users/christiancepeda/Library/Developer/Xcode/DerivedData/ImagenResizer-gysglmyzblicynfbtkonusozoqqi/Build/Intermediates.noindex/ImagenResizer.build/Release/ImagenResizer.build/ImagenResizer-generated-files.hmap -Xcc -I/Users/christiancepeda/Library/Developer/Xcode/DerivedData/ImagenResizer-gysglmyzblicynfbtkonusozoqqi/Build/Intermediates.noindex/ImagenResizer.build/Release/ImagenResizer.build/ImagenResizer-own-target-headers.hmap -Xcc -I/Users/christiancepeda/Library/Developer/Xcode/DerivedData/ImagenResizer-gysglmyzblicynfbtkonusozoqqi/Build/Intermediates.noindex/ImagenResizer.build/Release/ImagenResizer.build/ImagenResizer-all-non-framework-target-headers.hmap -Xcc -ivfsoverlay -Xcc /Users/christiancepeda/Library/Developer/Xcode/DerivedData/ImagenResizer-gysglmyzblicynfbtkonusozoqqi/Build/Intermediates.noindex/ImagenResizer.build/Release/ImagenResizer-e4f14676d9a6697691e884a288a35f2f-VFS/all-product-headers.yaml -Xcc -iquote -Xcc /Users/christiancepeda/Library/Developer/Xcode/DerivedData/ImagenResizer-gysglmyzblicynfbtkonusozoqqi/Build/Intermediates.noindex/ImagenResizer.build/Release/ImagenResizer.build/ImagenResizer-project-headers.hmap -Xcc -I/Users/christiancepeda/Library/Developer/Xcode/DerivedData/ImagenResizer-gysglmyzblicynfbtkonusozoqqi/SourcePackages/checkouts/SDWebImage/SDWebImage/include -Xcc -I/Users/christiancepeda/Library/Developer/Xcode/DerivedData/ImagenResizer-gysglmyzblicynfbtkonusozoqqi/SourcePackages/checkouts/libwebp-Xcode/include -Xcc -I/Users/christiancepeda/Library/Developer/Xcode/DerivedData/ImagenResizer-gysglmyzblicynfbtkonusozoqqi/SourcePackages/checkouts/SDWebImageWebPCoder/SDWebImageWebPCoder/Classes -Xcc -I/Users/christiancepeda/Library/Developer/Xcode/DerivedData/ImagenResizer-gysglmyzblicynfbtkonusozoqqi/Build/Products/Release/include -Xcc -I/Users/christiancepeda/Library/Developer/Xcode/DerivedData/ImagenResizer-gysglmyzblicynfbtkonusozoqqi/Build/Intermediates.noindex/ImagenResizer.build/Release/ImagenResizer.build/DerivedSources-normal/arm64 -Xcc -I/Users/christiancepeda/Library/Developer/Xcode/DerivedData/ImagenResizer-gysglmyzblicynfbtkonusozoqqi/Build/Intermediates.noindex/ImagenResizer.build/Release/ImagenResizer.build/DerivedSources/arm64 -Xcc -I/Users/christiancepeda/Library/Developer/Xcode/DerivedData/ImagenResizer-gysglmyzblicynfbtkonusozoqqi/Build/Intermediates.noindex/ImagenResizer.build/Release/ImagenResizer.build/DerivedSources -emit-objc-header -emit-objc-header-path /Users/christiancepeda/Library/Developer/Xcode/DerivedData/ImagenResizer-gysglmyzblicynfbtkonusozoqqi/Build/Intermediates.noindex/ImagenResizer.build/Release/ImagenResizer.build/Objects-normal/arm64/ImagenResizer-Swift.h -working-directory /Users/christiancepeda/Documents/xcodeProject/ImagenResizer -no-emit-module-separately-wmo

SwiftDriverJobDiscovery normal arm64 Compiling ContentView.swift, ImagenResizerApp.swift, ImagePipeline.swift, MainView.swift, MainViewModel.swift, WebPEncoder.swift, GeneratedAssetSymbols.swift (in target 'ImagenResizer' from project 'ImagenResizer')

SwiftDriver\ Compilation\ Requirements ImagenResizer normal arm64 com.apple.xcode.tools.swift.compiler (in target 'ImagenResizer' from project 'ImagenResizer')
    cd /Users/christiancepeda/Documents/xcodeProject/ImagenResizer
    builtin-Swift-Compilation-Requirements -- /Applications/Xcode.app/Contents/Developer/Toolchains/XcodeDefault.xctoolchain/usr/bin/swiftc -module-name ImagenResizer -O -whole-module-optimization -enforce-exclusivity\=checked @/Users/christiancepeda/Library/Developer/Xcode/DerivedData/ImagenResizer-gysglmyzblicynfbtkonusozoqqi/Build/Intermediates.noindex/ImagenResizer.build/Release/ImagenResizer.build/Objects-normal/arm64/ImagenResizer.SwiftFileList -Xcc -fmodule-map-file\=/Users/christiancepeda/Library/Developer/Xcode/DerivedData/ImagenResizer-gysglmyzblicynfbtkonusozoqqi/Build/Intermediates.noindex/GeneratedModuleMaps/SDWebImage.modulemap -Xcc -fmodule-map-file\=/Users/christiancepeda/Library/Developer/Xcode/DerivedData/ImagenResizer-gysglmyzblicynfbtkonusozoqqi/Build/Intermediates.noindex/GeneratedModuleMaps/libwebp.modulemap -Xcc -fmodule-map-file\=/Users/christiancepeda/Library/Developer/Xcode/DerivedData/ImagenResizer-gysglmyzblicynfbtkonusozoqqi/Build/Intermediates.noindex/GeneratedModuleMaps/SDWebImageWebPCoder.modulemap -default-isolation\=MainActor -enable-bare-slash-regex -enable-upcoming-feature DisableOutwardActorInference -enable-upcoming-feature InferSendableFromCaptures -enable-upcoming-feature GlobalActorIsolatedTypesUsability -enable-upcoming-feature MemberImportVisibility -enable-upcoming-feature InferIsolatedConformances -enable-upcoming-feature NonisolatedNonsendingByDefault -enable-experimental-feature DebugDescriptionMacro -sdk /Applications/Xcode.app/Contents/Developer/Platforms/MacOSX.platform/Developer/SDKs/MacOSX26.2.sdk -target arm64-apple-macos26.2 -g -module-cache-path /Users/christiancepeda/Library/Developer/Xcode/DerivedData/ModuleCache.noindex -Xfrontend -serialize-debugging-options -swift-version 5 -I /Users/christiancepeda/Library/Developer/Xcode/DerivedData/ImagenResizer-gysglmyzblicynfbtkonusozoqqi/Build/Products/Release -F /Users/christiancepeda/Library/Developer/Xcode/DerivedData/ImagenResizer-gysglmyzblicynfbtkonusozoqqi/Build/Products/Release/PackageFrameworks -F /Users/christiancepeda/Library/Developer/Xcode/DerivedData/ImagenResizer-gysglmyzblicynfbtkonusozoqqi/Build/Products/Release/PackageFrameworks -F /Users/christiancepeda/Library/Developer/Xcode/DerivedData/ImagenResizer-gysglmyzblicynfbtkonusozoqqi/Build/Products/Release/PackageFrameworks -F /Users/christiancepeda/Library/Developer/Xcode/DerivedData/ImagenResizer-gysglmyzblicynfbtkonusozoqqi/Build/Products/Release -emit-localized-strings -emit-localized-strings-path /Users/christiancepeda/Library/Developer/Xcode/DerivedData/ImagenResizer-gysglmyzblicynfbtkonusozoqqi/Build/Intermediates.noindex/ImagenResizer.build/Release/ImagenResizer.build/Objects-normal/arm64 -c -num-threads 12 -Xcc -ivfsstatcache -Xcc /Users/christiancepeda/Library/Developer/Xcode/DerivedData/SDKStatCaches.noindex/macosx26.2-25C57-00fa09913b459cbbc988d1f6730289ae.sdkstatcache -output-file-map /Users/christiancepeda/Library/Developer/Xcode/DerivedData/ImagenResizer-gysglmyzblicynfbtkonusozoqqi/Build/Intermediates.noindex/ImagenResizer.build/Release/ImagenResizer.build/Objects-normal/arm64/ImagenResizer-OutputFileMap.json -use-frontend-parseable-output -save-temps -no-color-diagnostics -explicit-module-build -module-cache-path /Users/christiancepeda/Library/Developer/Xcode/DerivedData/ImagenResizer-gysglmyzblicynfbtkonusozoqqi/Build/Intermediates.noindex/SwiftExplicitPrecompiledModules -clang-scanner-module-cache-path /Users/christiancepeda/Library/Developer/Xcode/DerivedData/ModuleCache.noindex -sdk-module-cache-path /Users/christiancepeda/Library/Developer/Xcode/DerivedData/ModuleCache.noindex -serialize-diagnostics -emit-dependencies -emit-module -emit-module-path /Users/christiancepeda/Library/Developer/Xcode/DerivedData/ImagenResizer-gysglmyzblicynfbtkonusozoqqi/Build/Intermediates.noindex/ImagenResizer.build/Release/ImagenResizer.build/Objects-normal/arm64/ImagenResizer.swiftmodule -validate-clang-modules-once -clang-build-session-file /Users/christiancepeda/Library/Developer/Xcode/DerivedData/ModuleCache.noindex/Session.modulevalidation -Xcc -I/Users/christiancepeda/Library/Developer/Xcode/DerivedData/ImagenResizer-gysglmyzblicynfbtkonusozoqqi/Build/Intermediates.noindex/ImagenResizer.build/Release/ImagenResizer.build/swift-overrides.hmap -emit-const-values -Xfrontend -const-gather-protocols-file -Xfrontend /Users/christiancepeda/Library/Developer/Xcode/DerivedData/ImagenResizer-gysglmyzblicynfbtkonusozoqqi/Build/Intermediates.noindex/ImagenResizer.build/Release/ImagenResizer.build/Objects-normal/arm64/ImagenResizer_const_extract_protocols.json -Xcc -iquote -Xcc /Users/christiancepeda/Library/Developer/Xcode/DerivedData/ImagenResizer-gysglmyzblicynfbtkonusozoqqi/Build/Intermediates.noindex/ImagenResizer.build/Release/ImagenResizer.build/ImagenResizer-generated-files.hmap -Xcc -I/Users/christiancepeda/Library/Developer/Xcode/DerivedData/ImagenResizer-gysglmyzblicynfbtkonusozoqqi/Build/Intermediates.noindex/ImagenResizer.build/Release/ImagenResizer.build/ImagenResizer-own-target-headers.hmap -Xcc -I/Users/christiancepeda/Library/Developer/Xcode/DerivedData/ImagenResizer-gysglmyzblicynfbtkonusozoqqi/Build/Intermediates.noindex/ImagenResizer.build/Release/ImagenResizer.build/ImagenResizer-all-non-framework-target-headers.hmap -Xcc -ivfsoverlay -Xcc /Users/christiancepeda/Library/Developer/Xcode/DerivedData/ImagenResizer-gysglmyzblicynfbtkonusozoqqi/Build/Intermediates.noindex/ImagenResizer.build/Release/ImagenResizer-e4f14676d9a6697691e884a288a35f2f-VFS/all-product-headers.yaml -Xcc -iquote -Xcc /Users/christiancepeda/Library/Developer/Xcode/DerivedData/ImagenResizer-gysglmyzblicynfbtkonusozoqqi/Build/Intermediates.noindex/ImagenResizer.build/Release/ImagenResizer.build/ImagenResizer-project-headers.hmap -Xcc -I/Users/christiancepeda/Library/Developer/Xcode/DerivedData/ImagenResizer-gysglmyzblicynfbtkonusozoqqi/SourcePackages/checkouts/SDWebImage/SDWebImage/include -Xcc -I/Users/christiancepeda/Library/Developer/Xcode/DerivedData/ImagenResizer-gysglmyzblicynfbtkonusozoqqi/SourcePackages/checkouts/libwebp-Xcode/include -Xcc -I/Users/christiancepeda/Library/Developer/Xcode/DerivedData/ImagenResizer-gysglmyzblicynfbtkonusozoqqi/SourcePackages/checkouts/SDWebImageWebPCoder/SDWebImageWebPCoder/Classes -Xcc -I/Users/christiancepeda/Library/Developer/Xcode/DerivedData/ImagenResizer-gysglmyzblicynfbtkonusozoqqi/Build/Products/Release/include -Xcc -I/Users/christiancepeda/Library/Developer/Xcode/DerivedData/ImagenResizer-gysglmyzblicynfbtkonusozoqqi/Build/Intermediates.noindex/ImagenResizer.build/Release/ImagenResizer.build/DerivedSources-normal/arm64 -Xcc -I/Users/christiancepeda/Library/Developer/Xcode/DerivedData/ImagenResizer-gysglmyzblicynfbtkonusozoqqi/Build/Intermediates.noindex/ImagenResizer.build/Release/ImagenResizer.build/DerivedSources/arm64 -Xcc -I/Users/christiancepeda/Library/Developer/Xcode/DerivedData/ImagenResizer-gysglmyzblicynfbtkonusozoqqi/Build/Intermediates.noindex/ImagenResizer.build/Release/ImagenResizer.build/DerivedSources -emit-objc-header -emit-objc-header-path /Users/christiancepeda/Library/Developer/Xcode/DerivedData/ImagenResizer-gysglmyzblicynfbtkonusozoqqi/Build/Intermediates.noindex/ImagenResizer.build/Release/ImagenResizer.build/Objects-normal/arm64/ImagenResizer-Swift.h -working-directory /Users/christiancepeda/Documents/xcodeProject/ImagenResizer -no-emit-module-separately-wmo

Copy /Users/christiancepeda/Library/Developer/Xcode/DerivedData/ImagenResizer-gysglmyzblicynfbtkonusozoqqi/Build/Products/Release/ImagenResizer.swiftmodule/Project/arm64-apple-macos.swiftsourceinfo /Users/christiancepeda/Library/Developer/Xcode/DerivedData/ImagenResizer-gysglmyzblicynfbtkonusozoqqi/Build/Intermediates.noindex/ImagenResizer.build/Release/ImagenResizer.build/Objects-normal/arm64/ImagenResizer.swiftsourceinfo (in target 'ImagenResizer' from project 'ImagenResizer')
    cd /Users/christiancepeda/Documents/xcodeProject/ImagenResizer
    builtin-copy -exclude .DS_Store -exclude CVS -exclude .svn -exclude .git -exclude .hg -resolve-src-symlinks -rename /Users/christiancepeda/Library/Developer/Xcode/DerivedData/ImagenResizer-gysglmyzblicynfbtkonusozoqqi/Build/Intermediates.noindex/ImagenResizer.build/Release/ImagenResizer.build/Objects-normal/arm64/ImagenResizer.swiftsourceinfo /Users/christiancepeda/Library/Developer/Xcode/DerivedData/ImagenResizer-gysglmyzblicynfbtkonusozoqqi/Build/Products/Release/ImagenResizer.swiftmodule/Project/arm64-apple-macos.swiftsourceinfo

Ld /Users/christiancepeda/Library/Developer/Xcode/DerivedData/ImagenResizer-gysglmyzblicynfbtkonusozoqqi/Build/Products/Release/ImagenResizer.app/Contents/MacOS/ImagenResizer normal (in target 'ImagenResizer' from project 'ImagenResizer')
    cd /Users/christiancepeda/Documents/xcodeProject/ImagenResizer
    /Applications/Xcode.app/Contents/Developer/Toolchains/XcodeDefault.xctoolchain/usr/bin/clang -Xlinker -reproducible -target arm64-apple-macos26.2 -isysroot /Applications/Xcode.app/Contents/Developer/Platforms/MacOSX.platform/Developer/SDKs/MacOSX26.2.sdk -Os -L/Users/christiancepeda/Library/Developer/Xcode/DerivedData/ImagenResizer-gysglmyzblicynfbtkonusozoqqi/Build/Intermediates.noindex/EagerLinkingTBDs/Release -L/Users/christiancepeda/Library/Developer/Xcode/DerivedData/ImagenResizer-gysglmyzblicynfbtkonusozoqqi/Build/Products/Release -F/Users/christiancepeda/Library/Developer/Xcode/DerivedData/ImagenResizer-gysglmyzblicynfbtkonusozoqqi/Build/Intermediates.noindex/EagerLinkingTBDs/Release -F/Users/christiancepeda/Library/Developer/Xcode/DerivedData/ImagenResizer-gysglmyzblicynfbtkonusozoqqi/Build/Products/Release/PackageFrameworks -F/Users/christiancepeda/Library/Developer/Xcode/DerivedData/ImagenResizer-gysglmyzblicynfbtkonusozoqqi/Build/Products/Release/PackageFrameworks -F/Users/christiancepeda/Library/Developer/Xcode/DerivedData/ImagenResizer-gysglmyzblicynfbtkonusozoqqi/Build/Products/Release/PackageFrameworks -F/Users/christiancepeda/Library/Developer/Xcode/DerivedData/ImagenResizer-gysglmyzblicynfbtkonusozoqqi/Build/Products/Release -filelist /Users/christiancepeda/Library/Developer/Xcode/DerivedData/ImagenResizer-gysglmyzblicynfbtkonusozoqqi/Build/Intermediates.noindex/ImagenResizer.build/Release/ImagenResizer.build/Objects-normal/arm64/ImagenResizer.LinkFileList -Xlinker -rpath -Xlinker @executable_path/../Frameworks -Xlinker -object_path_lto -Xlinker /Users/christiancepeda/Library/Developer/Xcode/DerivedData/ImagenResizer-gysglmyzblicynfbtkonusozoqqi/Build/Intermediates.noindex/ImagenResizer.build/Release/ImagenResizer.build/Objects-normal/arm64/ImagenResizer_lto.o -Xlinker -dependency_info -Xlinker /Users/christiancepeda/Library/Developer/Xcode/DerivedData/ImagenResizer-gysglmyzblicynfbtkonusozoqqi/Build/Intermediates.noindex/ImagenResizer.build/Release/ImagenResizer.build/Objects-normal/arm64/ImagenResizer_dependency_info.dat -fobjc-link-runtime -L/Applications/Xcode.app/Contents/Developer/Toolchains/XcodeDefault.xctoolchain/usr/lib/swift/macosx -L/usr/lib/swift -Xlinker -add_ast_path -Xlinker /Users/christiancepeda/Library/Developer/Xcode/DerivedData/ImagenResizer-gysglmyzblicynfbtkonusozoqqi/Build/Intermediates.noindex/ImagenResizer.build/Release/ImagenResizer.build/Objects-normal/arm64/ImagenResizer.swiftmodule @/Users/christiancepeda/Library/Developer/Xcode/DerivedData/ImagenResizer-gysglmyzblicynfbtkonusozoqqi/Build/Intermediates.noindex/ImagenResizer.build/Release/ImagenResizer.build/Objects-normal/arm64/ImagenResizer-linker-args.resp -Wl,-no_warn_duplicate_libraries -Wl,-no_warn_duplicate_libraries -Wl,-no_warn_duplicate_libraries -Xlinker -no_adhoc_codesign -o /Users/christiancepeda/Library/Developer/Xcode/DerivedData/ImagenResizer-gysglmyzblicynfbtkonusozoqqi/Build/Products/Release/ImagenResizer.app/Contents/MacOS/ImagenResizer

Copy /Users/christiancepeda/Library/Developer/Xcode/DerivedData/ImagenResizer-gysglmyzblicynfbtkonusozoqqi/Build/Products/Release/ImagenResizer.swiftmodule/arm64-apple-macos.abi.json /Users/christiancepeda/Library/Developer/Xcode/DerivedData/ImagenResizer-gysglmyzblicynfbtkonusozoqqi/Build/Intermediates.noindex/ImagenResizer.build/Release/ImagenResizer.build/Objects-normal/arm64/ImagenResizer.abi.json (in target 'ImagenResizer' from project 'ImagenResizer')
    cd /Users/christiancepeda/Documents/xcodeProject/ImagenResizer
    builtin-copy -exclude .DS_Store -exclude CVS -exclude .svn -exclude .git -exclude .hg -resolve-src-symlinks -rename /Users/christiancepeda/Library/Developer/Xcode/DerivedData/ImagenResizer-gysglmyzblicynfbtkonusozoqqi/Build/Intermediates.noindex/ImagenResizer.build/Release/ImagenResizer.build/Objects-normal/arm64/ImagenResizer.abi.json /Users/christiancepeda/Library/Developer/Xcode/DerivedData/ImagenResizer-gysglmyzblicynfbtkonusozoqqi/Build/Products/Release/ImagenResizer.swiftmodule/arm64-apple-macos.abi.json

Copy /Users/christiancepeda/Library/Developer/Xcode/DerivedData/ImagenResizer-gysglmyzblicynfbtkonusozoqqi/Build/Products/Release/ImagenResizer.swiftmodule/arm64-apple-macos.swiftmodule /Users/christiancepeda/Library/Developer/Xcode/DerivedData/ImagenResizer-gysglmyzblicynfbtkonusozoqqi/Build/Intermediates.noindex/ImagenResizer.build/Release/ImagenResizer.build/Objects-normal/arm64/ImagenResizer.swiftmodule (in target 'ImagenResizer' from project 'ImagenResizer')
    cd /Users/christiancepeda/Documents/xcodeProject/ImagenResizer
    builtin-copy -exclude .DS_Store -exclude CVS -exclude .svn -exclude .git -exclude .hg -resolve-src-symlinks -rename /Users/christiancepeda/Library/Developer/Xcode/DerivedData/ImagenResizer-gysglmyzblicynfbtkonusozoqqi/Build/Intermediates.noindex/ImagenResizer.build/Release/ImagenResizer.build/Objects-normal/arm64/ImagenResizer.swiftmodule /Users/christiancepeda/Library/Developer/Xcode/DerivedData/ImagenResizer-gysglmyzblicynfbtkonusozoqqi/Build/Products/Release/ImagenResizer.swiftmodule/arm64-apple-macos.swiftmodule

ExtractAppIntentsMetadata (in target 'ImagenResizer' from project 'ImagenResizer')
    cd /Users/christiancepeda/Documents/xcodeProject/ImagenResizer
    /Applications/Xcode.app/Contents/Developer/Toolchains/XcodeDefault.xctoolchain/usr/bin/appintentsmetadataprocessor --toolchain-dir /Applications/Xcode.app/Contents/Developer/Toolchains/XcodeDefault.xctoolchain --module-name ImagenResizer --sdk-root /Applications/Xcode.app/Contents/Developer/Platforms/MacOSX.platform/Developer/SDKs/MacOSX26.2.sdk --xcode-version 17C52 --platform-family macOS --deployment-target 26.2 --bundle-identifier Newwant.ImagenResizer --output /Users/christiancepeda/Library/Developer/Xcode/DerivedData/ImagenResizer-gysglmyzblicynfbtkonusozoqqi/Build/Products/Release/ImagenResizer.app/Contents/Resources --target-triple arm64-apple-macos26.2 --binary-file /Users/christiancepeda/Library/Developer/Xcode/DerivedData/ImagenResizer-gysglmyzblicynfbtkonusozoqqi/Build/Products/Release/ImagenResizer.app/Contents/MacOS/ImagenResizer --dependency-file /Users/christiancepeda/Library/Developer/Xcode/DerivedData/ImagenResizer-gysglmyzblicynfbtkonusozoqqi/Build/Intermediates.noindex/ImagenResizer.build/Release/ImagenResizer.build/Objects-normal/arm64/ImagenResizer_dependency_info.dat --stringsdata-file /Users/christiancepeda/Library/Developer/Xcode/DerivedData/ImagenResizer-gysglmyzblicynfbtkonusozoqqi/Build/Intermediates.noindex/ImagenResizer.build/Release/ImagenResizer.build/Objects-normal/arm64/ExtractedAppShortcutsMetadata.stringsdata --source-file-list /Users/christiancepeda/Library/Developer/Xcode/DerivedData/ImagenResizer-gysglmyzblicynfbtkonusozoqqi/Build/Intermediates.noindex/ImagenResizer.build/Release/ImagenResizer.build/Objects-normal/arm64/ImagenResizer.SwiftFileList --metadata-file-list /Users/christiancepeda/Library/Developer/Xcode/DerivedData/ImagenResizer-gysglmyzblicynfbtkonusozoqqi/Build/Intermediates.noindex/ImagenResizer.build/Release/ImagenResizer.build/ImagenResizer.DependencyMetadataFileList --static-metadata-file-list /Users/christiancepeda/Library/Developer/Xcode/DerivedData/ImagenResizer-gysglmyzblicynfbtkonusozoqqi/Build/Intermediates.noindex/ImagenResizer.build/Release/ImagenResizer.build/ImagenResizer.DependencyStaticMetadataFileList --swift-const-vals-list /Users/christiancepeda/Library/Developer/Xcode/DerivedData/ImagenResizer-gysglmyzblicynfbtkonusozoqqi/Build/Intermediates.noindex/ImagenResizer.build/Release/ImagenResizer.build/Objects-normal/arm64/ImagenResizer.SwiftConstValuesFileList --compile-time-extraction --deployment-aware-processing --validate-assistant-intents --no-app-shortcuts-localization
2026-02-10 21:22:03.049 appintentsmetadataprocessor[96714:11816203] Starting appintentsmetadataprocessor export
2026-02-10 21:22:03.051 appintentsmetadataprocessor[96714:11816203] warning: Metadata extraction skipped. No AppIntents.framework dependency found.

CopySwiftLibs /Users/christiancepeda/Library/Developer/Xcode/DerivedData/ImagenResizer-gysglmyzblicynfbtkonusozoqqi/Build/Products/Release/ImagenResizer.app (in target 'ImagenResizer' from project 'ImagenResizer')
    cd /Users/christiancepeda/Documents/xcodeProject/ImagenResizer
    builtin-swiftStdLibTool --copy --verbose --sign 76D1570E9FD3840870E53DE2D92ACEB320C50463 --scan-executable /Users/christiancepeda/Library/Developer/Xcode/DerivedData/ImagenResizer-gysglmyzblicynfbtkonusozoqqi/Build/Products/Release/ImagenResizer.app/Contents/MacOS/ImagenResizer --scan-folder /Users/christiancepeda/Library/Developer/Xcode/DerivedData/ImagenResizer-gysglmyzblicynfbtkonusozoqqi/Build/Products/Release/ImagenResizer.app/Contents/Frameworks --scan-folder /Users/christiancepeda/Library/Developer/Xcode/DerivedData/ImagenResizer-gysglmyzblicynfbtkonusozoqqi/Build/Products/Release/ImagenResizer.app/Contents/PlugIns --scan-folder /Users/christiancepeda/Library/Developer/Xcode/DerivedData/ImagenResizer-gysglmyzblicynfbtkonusozoqqi/Build/Products/Release/ImagenResizer.app/Contents/Library/SystemExtensions --scan-folder /Users/christiancepeda/Library/Developer/Xcode/DerivedData/ImagenResizer-gysglmyzblicynfbtkonusozoqqi/Build/Products/Release/ImagenResizer.app/Contents/Extensions --platform macosx --toolchain /Applications/Xcode.app/Contents/Developer/Toolchains/XcodeDefault.xctoolchain --destination /Users/christiancepeda/Library/Developer/Xcode/DerivedData/ImagenResizer-gysglmyzblicynfbtkonusozoqqi/Build/Products/Release/ImagenResizer.app/Contents/Frameworks --strip-bitcode --strip-bitcode-tool /Applications/Xcode.app/Contents/Developer/Toolchains/XcodeDefault.xctoolchain/usr/bin/bitcode_strip --emit-dependency-info /Users/christiancepeda/Library/Developer/Xcode/DerivedData/ImagenResizer-gysglmyzblicynfbtkonusozoqqi/Build/Intermediates.noindex/ImagenResizer.build/Release/ImagenResizer.build/SwiftStdLibToolInputDependencies.dep --filter-for-swift-os

ProcessInfoPlistFile /Users/christiancepeda/Library/Developer/Xcode/DerivedData/ImagenResizer-gysglmyzblicynfbtkonusozoqqi/Build/Products/Release/ImagenResizer.app/Contents/Info.plist /Users/christiancepeda/Library/Developer/Xcode/DerivedData/ImagenResizer-gysglmyzblicynfbtkonusozoqqi/Build/Intermediates.noindex/ImagenResizer.build/Release/ImagenResizer.build/empty-ImagenResizer.plist (in target 'ImagenResizer' from project 'ImagenResizer')
    cd /Users/christiancepeda/Documents/xcodeProject/ImagenResizer
    builtin-infoPlistUtility /Users/christiancepeda/Library/Developer/Xcode/DerivedData/ImagenResizer-gysglmyzblicynfbtkonusozoqqi/Build/Intermediates.noindex/ImagenResizer.build/Release/ImagenResizer.build/empty-ImagenResizer.plist -producttype com.apple.product-type.application -genpkginfo /Users/christiancepeda/Library/Developer/Xcode/DerivedData/ImagenResizer-gysglmyzblicynfbtkonusozoqqi/Build/Products/Release/ImagenResizer.app/Contents/PkgInfo -expandbuildsettings -platform macosx -additionalcontentfile /Users/christiancepeda/Library/Developer/Xcode/DerivedData/ImagenResizer-gysglmyzblicynfbtkonusozoqqi/Build/Intermediates.noindex/ImagenResizer.build/Release/ImagenResizer.build/assetcatalog_generated_info.plist -scanforprivacyfile /Users/christiancepeda/Library/Developer/Xcode/DerivedData/ImagenResizer-gysglmyzblicynfbtkonusozoqqi/Build/Products/Release/ImagenResizer.app/Contents/Resources/SDWebImage_SDWebImage.bundle -o /Users/christiancepeda/Library/Developer/Xcode/DerivedData/ImagenResizer-gysglmyzblicynfbtkonusozoqqi/Build/Products/Release/ImagenResizer.app/Contents/Info.plist

GenerateDSYMFile /Users/christiancepeda/Library/Developer/Xcode/DerivedData/ImagenResizer-gysglmyzblicynfbtkonusozoqqi/Build/Products/Release/ImagenResizer.app.dSYM /Users/christiancepeda/Library/Developer/Xcode/DerivedData/ImagenResizer-gysglmyzblicynfbtkonusozoqqi/Build/Products/Release/ImagenResizer.app/Contents/MacOS/ImagenResizer (in target 'ImagenResizer' from project 'ImagenResizer')
    cd /Users/christiancepeda/Documents/xcodeProject/ImagenResizer
    /Applications/Xcode.app/Contents/Developer/Toolchains/XcodeDefault.xctoolchain/usr/bin/dsymutil /Users/christiancepeda/Library/Developer/Xcode/DerivedData/ImagenResizer-gysglmyzblicynfbtkonusozoqqi/Build/Products/Release/ImagenResizer.app/Contents/MacOS/ImagenResizer -o /Users/christiancepeda/Library/Developer/Xcode/DerivedData/ImagenResizer-gysglmyzblicynfbtkonusozoqqi/Build/Products/Release/ImagenResizer.app.dSYM

CodeSign /Users/christiancepeda/Library/Developer/Xcode/DerivedData/ImagenResizer-gysglmyzblicynfbtkonusozoqqi/Build/Products/Release/ImagenResizer.app (in target 'ImagenResizer' from project 'ImagenResizer')
    cd /Users/christiancepeda/Documents/xcodeProject/ImagenResizer
    
    Signing Identity:     "Apple Development: Christian Cepeda (DD8CAV6J28)"
    
    /usr/bin/codesign --force --sign 76D1570E9FD3840870E53DE2D92ACEB320C50463 -o runtime --entitlements /Users/christiancepeda/Library/Developer/Xcode/DerivedData/ImagenResizer-gysglmyzblicynfbtkonusozoqqi/Build/Intermediates.noindex/ImagenResizer.build/Release/ImagenResizer.build/ImagenResizer.app.xcent --timestamp\=none --generate-entitlement-der /Users/christiancepeda/Library/Developer/Xcode/DerivedData/ImagenResizer-gysglmyzblicynfbtkonusozoqqi/Build/Products/Release/ImagenResizer.app

Validate /Users/christiancepeda/Library/Developer/Xcode/DerivedData/ImagenResizer-gysglmyzblicynfbtkonusozoqqi/Build/Products/Release/ImagenResizer.app (in target 'ImagenResizer' from project 'ImagenResizer')
    cd /Users/christiancepeda/Documents/xcodeProject/ImagenResizer
    builtin-validationUtility /Users/christiancepeda/Library/Developer/Xcode/DerivedData/ImagenResizer-gysglmyzblicynfbtkonusozoqqi/Build/Products/Release/ImagenResizer.app -no-validate-extension -infoplist-subpath Contents/Info.plist

RegisterWithLaunchServices /Users/christiancepeda/Library/Developer/Xcode/DerivedData/ImagenResizer-gysglmyzblicynfbtkonusozoqqi/Build/Products/Release/ImagenResizer.app (in target 'ImagenResizer' from project 'ImagenResizer')
    cd /Users/christiancepeda/Documents/xcodeProject/ImagenResizer
    /System/Library/Frameworks/CoreServices.framework/Versions/Current/Frameworks/LaunchServices.framework/Versions/Current/Support/lsregister -f -R -trusted /Users/christiancepeda/Library/Developer/Xcode/DerivedData/ImagenResizer-gysglmyzblicynfbtkonusozoqqi/Build/Products/Release/ImagenResizer.app

** BUILD SUCCEEDED **

